<?xml version="1.0" encoding="utf-8" ?>
<result>
	<row>
		<label>8 - MyName2 - visitDim2</label>
		<nb_visits>1</nb_visits>
		<level>3</level>
		<Actions_VisitTotalActions>8</Actions_VisitTotalActions>
		<Events_EventName>MyName2</Events_EventName>
		<CustomDimension_CustomDimension2>visitDim2</CustomDimension_CustomDimension2>
	</row>
	<row>
		<label>8 - MyName3 - visitDim2</label>
		<nb_visits>1</nb_visits>
		<level>3</level>
		<Actions_VisitTotalActions>8</Actions_VisitTotalActions>
		<Events_EventName>MyName3</Events_EventName>
		<CustomDimension_CustomDimension2>visitDim2</CustomDimension_CustomDimension2>
	</row>
	<row>
		<label>8 - RenamedEvent1 - visitDim2</label>
		<nb_visits>1</nb_visits>
		<level>3</level>
		<Actions_VisitTotalActions>8</Actions_VisitTotalActions>
		<Events_EventName>RenamedEvent1</Events_EventName>
		<CustomDimension_CustomDimension2>visitDim2</CustomDimension_CustomDimension2>
	</row>
</result>