<?xml version="1.0" encoding="utf-8" ?>
<result>
	<row>
		<label>genericValue2 - MyName2</label>
		<nb_uniq_visitors>1</nb_uniq_visitors>
		<nb_visits>1</nb_visits>
		<nb_events>1</nb_events>
		<nb_events_with_value>1</nb_events_with_value>
		<sum_event_value>2</sum_event_value>
		<min_event_value>2</min_event_value>
		<max_event_value>2</max_event_value>
		<avg_event_value>2</avg_event_value>
		<Events_EventAction>genericValue2</Events_EventAction>
		<Events_EventName>MyName2</Events_EventName>
	</row>
	<row>
		<label>MyAction3 - MyName3</label>
		<nb_uniq_visitors>1</nb_uniq_visitors>
		<nb_visits>1</nb_visits>
		<nb_events>2</nb_events>
		<nb_events_with_value>2</nb_events_with_value>
		<sum_event_value>14</sum_event_value>
		<min_event_value>7</min_event_value>
		<max_event_value>7</max_event_value>
		<avg_event_value>7</avg_event_value>
		<Events_EventAction>MyAction3</Events_EventAction>
		<Events_EventName>MyName3</Events_EventName>
	</row>
	<row>
		<label>RenamedAction - RenamedEvent1</label>
		<nb_uniq_visitors>1</nb_uniq_visitors>
		<nb_visits>1</nb_visits>
		<nb_events>1</nb_events>
		<nb_events_with_value>1</nb_events_with_value>
		<sum_event_value>5</sum_event_value>
		<min_event_value>5</min_event_value>
		<max_event_value>5</max_event_value>
		<avg_event_value>5</avg_event_value>
		<Events_EventAction>RenamedAction</Events_EventAction>
		<Events_EventName>RenamedEvent1</Events_EventName>
	</row>
</result>