<?xml version="1.0" encoding="utf-8" ?>
<result>
	<website>Piwik test</website>
	<prettyDate>Wednesday, January 23, 2013</prettyDate>
	<metadata>
		<category>Actions</category>
		<subcategory>Events</subcategory>
		<name>Event Actions</name>
		<module>Events</module>
		<action>getAction</action>
		<dimension>Event Action</dimension>
		<dimensions>
			<Events_EventAction>Event Action</Events_EventAction>
			<Events_EventName>Event Name</Events_EventName>
		</dimensions>
		<metrics>
			<nb_events>Events</nb_events>
			<sum_event_value>Event value</sum_event_value>
			<min_event_value>Minimum Event value</min_event_value>
			<max_event_value>Maximum Event value</max_event_value>
			<nb_events_with_value>Events with a value</nb_events_with_value>
		</metrics>
		<metricsDocumentation>
			<nb_events>Total number of events</nb_events>
			<sum_event_value>The sum of event values</sum_event_value>
			<min_event_value>The minimum value for this event</min_event_value>
			<max_event_value>The maximum value for this event</max_event_value>
			<nb_events_with_value>Number of events where an Event value was set</nb_events_with_value>
			<avg_event_value>The average of all values for this event</avg_event_value>
		</metricsDocumentation>
		<processedMetrics>
			<avg_event_value>The average of all values for this event</avg_event_value>
		</processedMetrics>
		<actionToLoadSubTables>getNameFromActionId</actionToLoadSubTables>
		<imageGraphUrl>index.php?module=API&amp;method=ImageGraph.get&amp;idSite=1&amp;apiModule=Events&amp;apiAction=getAction&amp;period=day&amp;date=2013-01-23</imageGraphUrl>
		<imageGraphEvolutionUrl>index.php?module=API&amp;method=ImageGraph.get&amp;idSite=1&amp;apiModule=Events&amp;apiAction=getAction&amp;period=day&amp;date=2012-12-25,2013-01-23</imageGraphEvolutionUrl>
		<uniqueId>Events_getAction</uniqueId>
	</metadata>
	<columns>
		<label>Event Action</label>
		<nb_events>Events</nb_events>
		<sum_event_value>Event value</sum_event_value>
		<min_event_value>Minimum Event value</min_event_value>
		<max_event_value>Maximum Event value</max_event_value>
		<nb_events_with_value>Events with a value</nb_events_with_value>
		<avg_event_value>The average of all values for this event</avg_event_value>
	</columns>
	<reportData>
		<row>
			<label>genericValue2</label>
			<nb_events>1</nb_events>
			<nb_events_with_value>1</nb_events_with_value>
			<sum_event_value>2</sum_event_value>
			<min_event_value>2</min_event_value>
			<max_event_value>2</max_event_value>
			<avg_event_value>2</avg_event_value>
		</row>
		<row>
			<label>MyAction3</label>
			<nb_events>2</nb_events>
			<nb_events_with_value>2</nb_events_with_value>
			<sum_event_value>14</sum_event_value>
			<min_event_value>7</min_event_value>
			<max_event_value>7</max_event_value>
			<avg_event_value>7</avg_event_value>
		</row>
		<row>
			<label>RenamedAction</label>
			<nb_events>1</nb_events>
			<nb_events_with_value>1</nb_events_with_value>
			<sum_event_value>5</sum_event_value>
			<min_event_value>5</min_event_value>
			<max_event_value>5</max_event_value>
			<avg_event_value>5</avg_event_value>
		</row>
	</reportData>
	<reportMetadata>
		<row>
			
			<segment>eventAction==genericValue2</segment>
			<idsubdatatable>3</idsubdatatable>
		</row>
		<row>
			
			<segment>eventAction==MyAction3</segment>
			<idsubdatatable>4</idsubdatatable>
		</row>
		<row>
			
			<segment>eventAction==MyAction</segment>
			<idsubdatatable>2</idsubdatatable>
		</row>
	</reportMetadata>
	<reportTotal>
		<nb_uniq_visitors>3</nb_uniq_visitors>
		<nb_visits>3</nb_visits>
		<nb_events>4</nb_events>
		<nb_events_with_value>4</nb_events_with_value>
		<sum_event_value>21</sum_event_value>
		<min_event_value>14</min_event_value>
		<max_event_value>14</max_event_value>
		<avg_event_value>5.25</avg_event_value>
	</reportTotal>
</result>